Archive member included to satisfy reference by file (symbol)

c:/program files (x86)/atmel/studio/7.0/toolchain/avr8/avr8-gnu-toolchain/bin/../lib/gcc/avr/5.4.0/../../../../avr/lib/avr5\libm.a(addsf3.o)
                              src/HDC1080.o (__subsf3)
c:/program files (x86)/atmel/studio/7.0/toolchain/avr8/avr8-gnu-toolchain/bin/../lib/gcc/avr/5.4.0/../../../../avr/lib/avr5\libm.a(addsf3x.o)
                              c:/program files (x86)/atmel/studio/7.0/toolchain/avr8/avr8-gnu-toolchain/bin/../lib/gcc/avr/5.4.0/../../../../avr/lib/avr5\libm.a(addsf3.o) (__addsf3x)
c:/program files (x86)/atmel/studio/7.0/toolchain/avr8/avr8-gnu-toolchain/bin/../lib/gcc/avr/5.4.0/../../../../avr/lib/avr5\libm.a(fixsfsi.o)
                              src/Broedmachine.o (__fixsfsi)
c:/program files (x86)/atmel/studio/7.0/toolchain/avr8/avr8-gnu-toolchain/bin/../lib/gcc/avr/5.4.0/../../../../avr/lib/avr5\libm.a(fixunssfsi.o)
                              c:/program files (x86)/atmel/studio/7.0/toolchain/avr8/avr8-gnu-toolchain/bin/../lib/gcc/avr/5.4.0/../../../../avr/lib/avr5\libm.a(fixsfsi.o) (__fixunssfsi)
c:/program files (x86)/atmel/studio/7.0/toolchain/avr8/avr8-gnu-toolchain/bin/../lib/gcc/avr/5.4.0/../../../../avr/lib/avr5\libm.a(floatsisf.o)
                              src/HDC1080.o (__floatunsisf)
c:/program files (x86)/atmel/studio/7.0/toolchain/avr8/avr8-gnu-toolchain/bin/../lib/gcc/avr/5.4.0/../../../../avr/lib/avr5\libm.a(fp_inf.o)
                              c:/program files (x86)/atmel/studio/7.0/toolchain/avr8/avr8-gnu-toolchain/bin/../lib/gcc/avr/5.4.0/../../../../avr/lib/avr5\libm.a(addsf3x.o) (__fp_inf)
c:/program files (x86)/atmel/studio/7.0/toolchain/avr8/avr8-gnu-toolchain/bin/../lib/gcc/avr/5.4.0/../../../../avr/lib/avr5\libm.a(fp_nan.o)
                              c:/program files (x86)/atmel/studio/7.0/toolchain/avr8/avr8-gnu-toolchain/bin/../lib/gcc/avr/5.4.0/../../../../avr/lib/avr5\libm.a(addsf3x.o) (__fp_nan)
c:/program files (x86)/atmel/studio/7.0/toolchain/avr8/avr8-gnu-toolchain/bin/../lib/gcc/avr/5.4.0/../../../../avr/lib/avr5\libm.a(fp_pscA.o)
                              c:/program files (x86)/atmel/studio/7.0/toolchain/avr8/avr8-gnu-toolchain/bin/../lib/gcc/avr/5.4.0/../../../../avr/lib/avr5\libm.a(addsf3x.o) (__fp_pscA)
c:/program files (x86)/atmel/studio/7.0/toolchain/avr8/avr8-gnu-toolchain/bin/../lib/gcc/avr/5.4.0/../../../../avr/lib/avr5\libm.a(fp_pscB.o)
                              c:/program files (x86)/atmel/studio/7.0/toolchain/avr8/avr8-gnu-toolchain/bin/../lib/gcc/avr/5.4.0/../../../../avr/lib/avr5\libm.a(addsf3x.o) (__fp_pscB)
c:/program files (x86)/atmel/studio/7.0/toolchain/avr8/avr8-gnu-toolchain/bin/../lib/gcc/avr/5.4.0/../../../../avr/lib/avr5\libm.a(fp_round.o)
                              c:/program files (x86)/atmel/studio/7.0/toolchain/avr8/avr8-gnu-toolchain/bin/../lib/gcc/avr/5.4.0/../../../../avr/lib/avr5\libm.a(addsf3.o) (__fp_round)
c:/program files (x86)/atmel/studio/7.0/toolchain/avr8/avr8-gnu-toolchain/bin/../lib/gcc/avr/5.4.0/../../../../avr/lib/avr5\libm.a(fp_split3.o)
                              c:/program files (x86)/atmel/studio/7.0/toolchain/avr8/avr8-gnu-toolchain/bin/../lib/gcc/avr/5.4.0/../../../../avr/lib/avr5\libm.a(addsf3x.o) (__fp_split3)
c:/program files (x86)/atmel/studio/7.0/toolchain/avr8/avr8-gnu-toolchain/bin/../lib/gcc/avr/5.4.0/../../../../avr/lib/avr5\libm.a(fp_zero.o)
                              c:/program files (x86)/atmel/studio/7.0/toolchain/avr8/avr8-gnu-toolchain/bin/../lib/gcc/avr/5.4.0/../../../../avr/lib/avr5\libm.a(addsf3x.o) (__fp_zero)
c:/program files (x86)/atmel/studio/7.0/toolchain/avr8/avr8-gnu-toolchain/bin/../lib/gcc/avr/5.4.0/../../../../avr/lib/avr5\libm.a(mulsf3.o)
                              src/HDC1080.o (__mulsf3)
c:/program files (x86)/atmel/studio/7.0/toolchain/avr8/avr8-gnu-toolchain/bin/../lib/gcc/avr/5.4.0/../../../../avr/lib/avr5\libm.a(mulsf3x.o)
                              c:/program files (x86)/atmel/studio/7.0/toolchain/avr8/avr8-gnu-toolchain/bin/../lib/gcc/avr/5.4.0/../../../../avr/lib/avr5\libm.a(mulsf3.o) (__mulsf3x)
F:\Private\Broedmachine\Broedmachine_Code\Broedmachine_New\ArduinoCore\Debug\libArduinoCore.a(HardwareSerial.o)
                              src/Broedmachine.o (_ZN14HardwareSerial5beginEmh)
F:\Private\Broedmachine\Broedmachine_Code\Broedmachine_New\ArduinoCore\Debug\libArduinoCore.a(HardwareSerial0.o)
                              src/Broedmachine.o (Serial)
F:\Private\Broedmachine\Broedmachine_Code\Broedmachine_New\ArduinoCore\Debug\libArduinoCore.a(main.o)
                              C:/Program Files (x86)/Atmel/Studio/7.0/Packs/atmel/ATmega_DFP/1.2.132/gcc/dev/atmega328p/avr5/crtatmega328p.o (main)
F:\Private\Broedmachine\Broedmachine_Code\Broedmachine_New\ArduinoCore\Debug\libArduinoCore.a(Print.o)
[...]
Memory Configuration

Name             Origin             Length             Attributes
text             0x00000000         0x00020000         xr
data             0x00800060         0x0000ffa0         rw !x
eeprom           0x00810000         0x00010000         rw !x
fuse             0x00820000         0x00000003         rw !x
lock             0x00830000         0x00000400         rw !x
signature        0x00840000         0x00000400         rw !x
user_signatures  0x00850000         0x00000400         rw !x
*default*        0x00000000         0xffffffff

Linker script and memory map

Address of section .data set to 0x800100
LOAD C:/Program Files (x86)/Atmel/Studio/7.0/Packs/atmel/ATmega_DFP/1.2.132/gcc/dev/atmega328p/avr5/crtatmega328p.o
LOAD src/LCDPanel.o
LOAD src/SR04.o
LOAD src/HDC1080.o
LOAD src/libraries/Wire/src/utility/twi.o
LOAD src/libraries/Wire/src/Wire.o
LOAD src/ADS1015.o
LOAD src/Broedmachine.o
START GROUP
LOAD c:/program files (x86)/atmel/studio/7.0/toolchain/avr8/avr8-gnu-toolchain/bin/../lib/gcc/avr/5.4.0/../../../../avr/lib/avr5\libm.a
LOAD F:\Private\Broedmachine\Broedmachine_Code\Broedmachine_New\ArduinoCore\Debug\libArduinoCore.a
END GROUP
LOAD c:/program files (x86)/atmel/studio/7.0/toolchain/avr8/avr8-gnu-toolchain/bin/../lib/gcc/avr/5.4.0/avr5\libgcc.a
LOAD c:/program files (x86)/atmel/studio/7.0/toolchain/avr8/avr8-gnu-toolchain/bin/../lib/gcc/avr/5.4.0/../../../../avr/lib/avr5\libm.a
START GROUP
LOAD c:/program files (x86)/atmel/studio/7.0/toolchain/avr8/avr8-gnu-toolchain/bin/../lib/gcc/avr/5.4.0/avr5\libgcc.a
LOAD c:/program files (x86)/atmel/studio/7.0/toolchain/avr8/avr8-gnu-toolchain/bin/../lib/gcc/avr/5.4.0/../../../../avr/lib/avr5\libm.a
LOAD c:/program files (x86)/atmel/studio/7.0/toolchain/avr8/avr8-gnu-toolchain/bin/../lib/gcc/avr/5.4.0/../../../../avr/lib/avr5\libc.a
LOAD C:/Program Files (x86)/Atmel/Studio/7.0/Packs/atmel/ATmega_DFP/1.2.132/gcc/dev/atmega328p/avr5\libatmega328p.a
END GROUP
                0x00020000                __TEXT_REGION_LENGTH__ = DEFINED (__TEXT_REGION_LENGTH__)?__TEXT_REGION_LENGTH__:0x20000
                0x0000ffa0                __DATA_REGION_LENGTH__ = DEFINED (__DATA_REGION_LENGTH__)?__DATA_REGION_LENGTH__:0xffa0
                0x00010000                __EEPROM_REGION_LENGTH__ = DEFINED (__EEPROM_REGION_LENGTH__)?__EEPROM_REGION_LENGTH__:0x10000
                [0x00000003]                __FUSE_REGION_LENGTH__ = DEFINED (__FUSE_REGION_LENGTH__)?__FUSE_REGION_LENGTH__:0x400
                0x00000400                __LOCK_REGION_LENGTH__ = DEFINED (__LOCK_REGION_LENGTH__)?__LOCK_REGION_LENGTH__:0x400
                0x00000400                __SIGNATURE_REGION_LENGTH__ = DEFINED (__SIGNATURE_REGION_LENGTH__)?__SIGNATURE_REGION_LENGTH__:0x400
                0x00000400                __USER_SIGNATURE_REGION_LENGTH__ = DEFINED (__USER_SIGNATURE_REGION_LENGTH__)?__USER_SIGNATURE_REGION_LENGTH__:0x400

.hash
 *(.hash)

.dynsym
 *(.dynsym)

.dynstr
 *(.dynstr)

.gnu.version
 *(.gnu.version)

.gnu.version_d
 *(.gnu.version_d)

.gnu.version_r
 *(.gnu.version_r)

.rel.init
 *(.rel.init)

.rela.init
 *(.rela.init)

.rel.text
 *(.rel.text)
 *(.rel.text.*)
 *(.rel.gnu.linkonce.t*)

.rela.text
 *(.rela.text)
 *(.rela.text.*)
 *(.rela.gnu.linkonce.t*)

.rel.fini
 *(.rel.fini)

.rela.fini
 *(.rela.fini)

.rel.rodata
 *(.rel.rodata)
 *(.rel.rodata.*)
 *(.rel.gnu.linkonce.r*)

.rela.rodata
 *(.rela.rodata)
 *(.rela.rodata.*)
 *(.rela.gnu.linkonce.r*)

.rel.data
 *(.rel.data)
 *(.rel.data.*)
 *(.rel.gnu.linkonce.d*)

.rela.data
 *(.rela.data)
 *(.rela.data.*)
 *(.rela.gnu.linkonce.d*)

.rel.ctors
 *(.rel.ctors)

.rela.ctors
 *(.rela.ctors)

.rel.dtors
 *(.rel.dtors)

.rela.dtors
 *(.rela.dtors)

.rel.got
 *(.rel.got)

.rela.got
 *(.rela.got)

.rel.bss
 *(.rel.bss)

.rela.bss
 *(.rela.bss)

.rel.plt
 *(.rel.plt)

.rela.plt
 *(.rela.plt)

.text           0x00000000     0x280a
 *(.vectors)
 .vectors       0x00000000       0x68 C:/Program Files (x86)/Atmel/Studio/7.0/Packs/atmel/ATmega_DFP/1.2.132/gcc/dev/atmega328p/avr5/crtatmega328p.o
                0x00000000                __vector_default
                0x00000000                __vectors
 *(.vectors)
 *(.progmem.gcc*)
                0x00000068                . = ALIGN (0x2)
                0x00000068                __trampolines_start = .
 *(.trampolines)
 .trampolines   0x00000068        0x0 linker stubs
 *(.trampolines*)
                0x00000068                __trampolines_end = .
 *libprintf_flt.a:*(.progmem.data)
 *libc.a:*(.progmem.data)
 *(.progmem*)
 .progmem.data.digital_pin_to_timer_PGM
                0x00000068       0x14 F:\Private\Broedmachine\Broedmachine_Code\Broedmachine_New\ArduinoCore\Debug\libArduinoCore.a(wiring_digital.o)
                0x00000068                digital_pin_to_timer_PGM
 .progmem.data.digital_pin_to_bit_mask_PGM
                0x0000007c       0x14 F:\Private\Broedmachine\Broedmachine_Code\Broedmachine_New\ArduinoCore\Debug\libArduinoCore.a(wiring_digital.o)
                0x0000007c                digital_pin_to_bit_mask_PGM
 .progmem.data.digital_pin_to_port_PGM
                0x00000090       0x14 F:\Private\Broedmachine\Broedmachine_Code\Broedmachine_New\ArduinoCore\Debug\libArduinoCore.a(wiring_digital.o)
                0x00000090                digital_pin_to_port_PGM
 .progmem.data.port_to_output_PGM
                0x000000a4        0xa F:\Private\Broedmachine\Broedmachine_Code\Broedmachine_New\ArduinoCore\Debug\libArduinoCore.a(wiring_digital.o)
                0x000000a4                port_to_output_PGM
 .progmem.data.port_to_mode_PGM
                0x000000ae        0xa F:\Private\Broedmachine\Broedmachine_Code\Broedmachine_New\ArduinoCore\Debug\libArduinoCore.a(wiring_digital.o)
                0x000000ae                port_to_mode_PGM
                0x000000b8                . = ALIGN (0x2)
 *(.jumptables)
 *(.jumptables*)
 *(.lowtext)
 *(.lowtext*)
                0x000000b8                __ctors_start = .
 *(.ctors)
 .ctors         0x000000b8        0x2 src/LCDPanel.o
 .ctors         0x000000ba        0x2 src/SR04.o
 .ctors         0x000000bc        0x2 src/libraries/Wire/src/Wire.o
 .ctors         0x000000be        0x2 src/Broedmachine.o
 .ctors         0x000000c0        0x2 F:\Private\Broedmachine\Broedmachine_Code\Broedmachine_New\ArduinoCore\Debug\libArduinoCore.a(HardwareSerial0.o)
                0x000000c2                __ctors_end = .
                0x000000c2                __dtors_start = .
 *(.dtors)
                0x000000c2                __dtors_end = .
 SORT(*)(.ctors)
 SORT(*)(.dtors)
 *(.init0)
 .init0         0x000000c2        0x0 C:/Program Files (x86)/Atmel/Studio/7.0/Packs/atmel/ATmega_DFP/1.2.132/gcc/dev/atmega328p/avr5/crtatmega328p.o
                0x000000c2                __init
 *(.init0)
 *(.init1)
 *(.init1)
 *(.init2)
 .init2         0x000000c2        0xc C:/Program Files (x86)/Atmel/Studio/7.0/Packs/atmel/ATmega_DFP/1.2.132/gcc/dev/atmega328p/avr5/crtatmega328p.o
 *(.init2)
 *(.init3)
 *(.init3)
 *(.init4)
 .init4         0x000000ce       0x16 c:/program files (x86)/atmel/studio/7.0/toolchain/avr8/avr8-gnu-toolchain/bin/../lib/gcc/avr/5.4.0/avr5\libgcc.a(_copy_data.o)
                0x000000ce                __do_copy_data
 .init4         0x000000e4       0x10 c:/program files (x86)/atmel/studio/7.0/toolchain/avr8/avr8-gnu-toolchain/bin/../lib/gcc/avr/5.4.0/avr5\libgcc.a(_clear_bss.o)
                0x000000e4                __do_clear_bss
 *(.init4)
 *(.init5)
 *(.init5)
 *(.init6)
 .init6         0x000000f4       0x16 c:/program files (x86)/atmel/studio/7.0/toolchain/avr8/avr8-gnu-toolchain/bin/../lib/gcc/avr/5.4.0/avr5\libgcc.a(_ctors.o)
                0x000000f4                __do_global_ctors
 *(.init6)
 *(.init7)
 *(.init7)
 *(.init8)
 *(.init8)
 *(.init9)
 .init9         0x0000010a        0x8 C:/Program Files (x86)/Atmel/Studio/7.0/Packs/atmel/ATmega_DFP/1.2.132/gcc/dev/atmega328p/avr5/crtatmega328p.o
 *(.init9)
 *(.text)
 .text          0x00000112        0x4 C:/Program Files (x86)/Atmel/Studio/7.0/Packs/atmel/ATmega_DFP/1.2.132/gcc/dev/atmega328p/avr5/crtatmega328p.o
                0x00000112                __vector_22
                0x00000112                __vector_12
                0x00000112                __bad_interrupt
                0x00000112                __vector_6
                0x00000112                __vector_3
                0x00000112                __vector_23
                0x00000112                __vector_25
                0x00000112                __vector_13
                0x00000112                __vector_17
                0x00000112                __vector_7
                0x00000112                __vector_5
                0x00000112                __vector_4
                0x00000112                __vector_9
                0x00000112                __vector_21
                0x00000112                __vector_15
                0x00000112                __vector_8
                0x00000112                __vector_14
                0x00000112                __vector_10
                0x00000112                __vector_20
 .text          0x00000116      0x128 src/LCDPanel.o
                0x00000116                _Z16read_LCD_buttonsv
                0x00000172                _Z18processButtonInputv
                0x000001d6                _Z16getLiquidCrystalv
 .text          0x0000023e      0x172 src/SR04.o
                0x0000023e                _Z13startTimerISRv
                0x00000266                _Z12stopTimerISRv
                0x0000038c                _Z28triggerUltrasonicMeasurementv
 .text          0x000003b0      0x29c src/HDC1080.o
                0x000003b0                _ZN7HDC1080C1Ev
                0x000003b0                _ZN7HDC1080C2Ev
                0x000003b2                _ZN7HDC108013writeRegisterE17HDC1080_Registers
                0x000003f6                _ZN7HDC108013setResolutionE29HDC1080_MeasurementResolutionS0_
                0x0000041c                _ZN7HDC10805beginEh
                0x0000043a                _ZN7HDC10808readDataEh
                0x000004aa                _ZN7HDC108016readSerialNumberEv
                0x00000510                _ZN7HDC108012readRegisterEv
                0x0000051a                _ZN7HDC10806heatUpEh
                0x000005d8                _ZN7HDC108015readTemperatureEv
                0x0000060e                _ZN7HDC10805readTEv
                0x00000612                _ZN7HDC108012readHumidityEv
                0x0000063c                _ZN7HDC10805readHEv
                0x00000640                _ZN7HDC108018readManufacturerIdEv
                0x00000646                _ZN7HDC108012readDeviceIdEv
 .text          0x0000064c      0x316 src/libraries/Wire/src/Wire.o
                0x0000064c                _ZN7TwoWire9availableEv
                0x0000065c                _ZN7TwoWire4readEv
                0x00000684                _ZN7TwoWire4peekEv
                0x000006a2                _ZN7TwoWire5flushEv
                0x000006a4                _ZN7TwoWire16onReceiveServiceEPhi
                0x000006f8                _ZN7TwoWire16onRequestServiceEv
                0x00000710                _ZN7TwoWire5writeEPKhj
                0x0000076a                _ZN7TwoWire5writeEh
                0x000007c8                _ZN7TwoWireC2Ev
                0x000007c8                _ZN7TwoWireC1Ev
                0x000007e8                _ZN7TwoWire5beginEv
                0x000007fc                _ZN7TwoWire5beginEh
                0x00000822                _ZN7TwoWire5beginEi
                0x00000826                _ZN7TwoWire3endEv
                0x0000082a                _ZN7TwoWire8setClockEm
                0x00000832                _ZN7TwoWire17beginTransmissionEh
                0x00000846                _ZN7TwoWire17beginTransmissionEi
                0x0000084a                _ZN7TwoWire15endTransmissionEh
                0x00000870                _ZN7TwoWire11requestFromEhhmhh
                0x00000918                _ZN7TwoWire11requestFromEhhh
                0x00000938                _ZN7TwoWire11requestFromEhh
                0x0000093e                _ZN7TwoWire11requestFromEii
                0x00000944                _ZN7TwoWire11requestFromEiii
                0x00000948                _ZN7TwoWire15endTransmissionEv
                0x0000094e                _ZN7TwoWire9onReceiveEPFviE
                0x00000958                _ZN7TwoWire9onRequestEPFvvE
 .text          0x00000962      0x266 src/ADS1015.o
                0x00000962                _ZN7ADS1015C1Eh
                0x00000962                _ZN7ADS1015C2Eh
                0x00000974                _ZN7ADS1115C2Eh
                0x00000974                _ZN7ADS1115C1Eh
                0x00000984                _ZN7ADS10155beginEv
                0x0000098c                _ZN7ADS10157setGainE9adsGain_t
                0x00000994                _ZN7ADS10157getGainEv
                0x000009dc                _ZN7ADS101527startComparator_SingleEndedEhi
                0x00000a94                _ZN7ADS101519readADC_SingleEndedEh
                0x00000afa                _ZN7ADS101524readADC_Differential_0_1Ev
                0x00000b44                _ZN7ADS101524readADC_Differential_2_3Ev
                0x00000b8e                _ZN7ADS101524getLastConversionResultsEv
 .text          0x00000bc8      0x2e2 src/Broedmachine.o
                0x00000bc8                _Z7readADCv
                0x00000c98                _Z18readHumiditySensorv
                0x00000d34                loop
                0x00000d50                _Z24configureTimerInterruptsv
                0x00000d8a                setup
                0x00000dfa                _Z9runCursorv
                0x00000e62                __vector_11
                0x00000eaa                . = ALIGN (0x2)
 *(.text.*)
 .text.startup  0x00000eaa       0x26 src/LCDPanel.o
 .text.startup  0x00000ed0        0xa src/SR04.o
 .text.twi_init
                0x00000eda       0x3c src/libraries/Wire/src/utility/twi.o
                0x00000eda                twi_init
 .text.twi_disable
                0x00000f16       0x1a src/libraries/Wire/src/utility/twi.o
                0x00000f16                twi_disable
 .text.twi_setAddress
                0x00000f30        0x8 src/libraries/Wire/src/utility/twi.o
                0x00000f30                twi_setAddress
 .text.twi_setFrequency
                0x00000f38       0x28 src/libraries/Wire/src/utility/twi.o
                0x00000f38                twi_setFrequency
 .text.twi_readFrom
                0x00000f60       0x90 src/libraries/Wire/src/utility/twi.o
                0x00000f60                twi_readFrom
 .text.twi_writeTo
                0x00000ff0       0xac src/libraries/Wire/src/utility/twi.o
                0x00000ff0                twi_writeTo
 .text.twi_transmit
                0x0000109c       0x50 src/libraries/Wire/src/utility/twi.o
                0x0000109c                twi_transmit
 .text.twi_attachSlaveRxEvent
                0x000010ec        0xa src/libraries/Wire/src/utility/twi.o
                0x000010ec                twi_attachSlaveRxEvent
 .text.twi_attachSlaveTxEvent
                0x000010f6        0xa src/libraries/Wire/src/utility/twi.o
                0x000010f6                twi_attachSlaveTxEvent
 .text.twi_stop
                0x00001100       0x14 src/libraries/Wire/src/utility/twi.o
                0x00001100                twi_stop
 .text.twi_releaseBus
                0x00001114        0xc src/libraries/Wire/src/utility/twi.o
                0x00001114                twi_releaseBus
 .text.__vector_24
                0x00001120      0x25a src/libraries/Wire/src/utility/twi.o
                0x00001120                __vector_24
 .text.startup  0x0000137a        0x8 src/libraries/Wire/src/Wire.o
 .text.startup  0x00001382       0x1c src/Broedmachine.o
 .text.avr-libc.fplib
                0x0000139e        0xe c:/program files (x86)/atmel/studio/7.0/toolchain/avr8/avr8-gnu-toolchain/bin/../lib/gcc/avr/5.4.0/../../../../avr/lib/avr5\libm.a(addsf3.o)
                0x0000139e                __subsf3
                0x000013a0                __addsf3
 .text.avr-libc.fplib
                0x000013ac       0xcc c:/program files (x86)/atmel/studio/7.0/toolchain/avr8/avr8-gnu-toolchain/bin/../lib/gcc/avr/5.4.0/../../../../avr/lib/avr5\libm.a(addsf3x.o)
                0x000013ce                __addsf3x
 .text.avr-libc.fplib
                0x00001478        0xe c:/program files (x86)/atmel/studio/7.0/toolchain/avr8/avr8-gnu-toolchain/bin/../lib/gcc/avr/5.4.0/../../../../avr/lib/avr5\libm.a(fixsfsi.o)
                0x00001478                __fixsfsi
 .text.avr-libc.fplib
                0x00001486       0x5e c:/program files (x86)/atmel/studio/7.0/toolchain/avr8/avr8-gnu-toolchain/bin/../lib/gcc/avr/5.4.0/../../../../avr/lib/avr5\libm.a(fixunssfsi.o)
                0x00001486                __fixunssfsi
 .text.avr-libc.fplib
                0x000014e4       0x7a c:/program files (x86)/atmel/studio/7.0/toolchain/avr8/avr8-gnu-toolchain/bin/../lib/gcc/avr/5.4.0/../../../../avr/lib/avr5\libm.a(floatsisf.o)
                0x000014e4                __floatunsisf
                0x000014e8                __floatsisf
 .text.avr-libc.fplib
                0x0000155e        0xc c:/program files (x86)/atmel/studio/7.0/toolchain/avr8/avr8-gnu-toolchain/bin/../lib/gcc/avr/5.4.0/../../../../avr/lib/avr5\libm.a(fp_inf.o)
                0x0000155e                __fp_inf
 .text.avr-libc.fplib
                0x0000156a        0x6 c:/program files (x86)/atmel/studio/7.0/toolchain/avr8/avr8-gnu-toolchain/bin/../lib/gcc/avr/5.4.0/../../../../avr/lib/avr5\libm.a(fp_nan.o)
                0x0000156a                __fp_nan
 .text.avr-libc.fplib
                0x00001570        0xe c:/program files (x86)/atmel/studio/7.0/toolchain/avr8/avr8-gnu-toolchain/bin/../lib/gcc/avr/5.4.0/../../../../avr/lib/avr5\libm.a(fp_pscA.o)
                0x00001570                __fp_pscA
 .text.avr-libc.fplib
                0x0000157e        0xe c:/program files (x86)/atmel/studio/7.0/toolchain/avr8/avr8-gnu-toolchain/bin/../lib/gcc/avr/5.4.0/../../../../avr/lib/avr5\libm.a(fp_pscB.o)
                0x0000157e                __fp_pscB
 .text.avr-libc.fplib
                0x0000158c       0x22 c:/program files (x86)/atmel/studio/7.0/toolchain/avr8/avr8-gnu-toolchain/bin/../lib/gcc/avr/5.4.0/../../../../avr/lib/avr5\libm.a(fp_round.o)
                0x0000158c                __fp_round
 .text.avr-libc.fplib
                0x000015ae       0x44 c:/program files (x86)/atmel/studio/7.0/toolchain/avr8/avr8-gnu-toolchain/bin/../lib/gcc/avr/5.4.0/../../../../avr/lib/avr5\libm.a(fp_split3.o)
                0x000015ae                __fp_split3
                0x000015be                __fp_splitA
 .text.avr-libc.fplib
                0x000015f2        0xe c:/program files (x86)/atmel/studio/7.0/toolchain/avr8/avr8-gnu-toolchain/bin/../lib/gcc/avr/5.4.0/../../../../avr/lib/avr5\libm.a(fp_zero.o)
                0x000015f2                __fp_zero
                0x000015f4                __fp_szero
 .text.avr-libc.fplib
                0x00001600        0x8 c:/program files (x86)/atmel/studio/7.0/toolchain/avr8/avr8-gnu-toolchain/bin/../lib/gcc/avr/5.4.0/../../../../avr/lib/avr5\libm.a(mulsf3.o)
                0x00001600                __mulsf3
 .text.avr-libc.fplib
                0x00001608       0xd2 c:/program files (x86)/atmel/studio/7.0/toolchain/avr8/avr8-gnu-toolchain/bin/../lib/gcc/avr/5.4.0/../../../../avr/lib/avr5\libm.a(mulsf3x.o)
                0x00001626                __mulsf3x
                0x0000162c                __mulsf3_pse
 .text._ZN14HardwareSerial9availableEv
                0x000016da       0x18 F:\Private\Broedmachine\Broedmachine_Code\Broedmachine_New\ArduinoCore\Debug\libArduinoCore.a(HardwareSerial.o)
                0x000016da                _ZN14HardwareSerial9availableEv
 .text._ZN14HardwareSerial4peekEv
                0x000016f2       0x1c F:\Private\Broedmachine\Broedmachine_Code\Broedmachine_New\ArduinoCore\Debug\libArduinoCore.a(HardwareSerial.o)
                0x000016f2                _ZN14HardwareSerial4peekEv
 .text._ZN14HardwareSerial4readEv
                0x0000170e       0x28 F:\Private\Broedmachine\Broedmachine_Code\Broedmachine_New\ArduinoCore\Debug\libArduinoCore.a(HardwareSerial.o)
                0x0000170e                _ZN14HardwareSerial4readEv
 .text._Z14serialEventRunv
                0x00001736       0x1c F:\Private\Broedmachine\Broedmachine_Code\Broedmachine_New\ArduinoCore\Debug\libArduinoCore.a(HardwareSerial.o)
                0x00001736                _Z14serialEventRunv
 .text._ZN14HardwareSerial17_tx_udr_empty_irqEv
                0x00001752       0x42 F:\Private\Broedmachine\Broedmachine_Code\Broedmachine_New\ArduinoCore\Debug\libArduinoCore.a(HardwareSerial.o)
                0x00001752                _ZN14HardwareSerial17_tx_udr_empty_irqEv
 .text._ZN14HardwareSerial5writeEh
                0x00001794       0x8e F:\Private\Broedmachine\Broedmachine_Code\Broedmachine_New\ArduinoCore\Debug\libArduinoCore.a(HardwareSerial.o)
                0x00001794                _ZN14HardwareSerial5writeEh
 .text._ZN14HardwareSerial5flushEv
                0x00001822       0x44 F:\Private\Broedmachine\Broedmachine_Code\Broedmachine_New\ArduinoCore\Debug\libArduinoCore.a(HardwareSerial.o)
                0x00001822                _ZN14HardwareSerial5flushEv
 .text._ZN14HardwareSerial5beginEmh
                0x00001866       0xca F:\Private\Broedmachine\Broedmachine_Code\Broedmachine_New\ArduinoCore\Debug\libArduinoCore.a(HardwareSerial.o)
                0x00001866                _ZN14HardwareSerial5beginEmh
 .text.__vector_18
                0x00001930       0x64 F:\Private\Broedmachine\Broedmachine_Code\Broedmachine_New\ArduinoCore\Debug\libArduinoCore.a(HardwareSerial0.o)
                0x00001930                __vector_18
 .text.__vector_19
                0x00001994       0x4c F:\Private\Broedmachine\Broedmachine_Code\Broedmachine_New\ArduinoCore\Debug\libArduinoCore.a(HardwareSerial0.o)
                0x00001994                __vector_19
 .text._Z17Serial0_availablev
                0x000019e0       0x14 F:\Private\Broedmachine\Broedmachine_Code\Broedmachine_New\ArduinoCore\Debug\libArduinoCore.a(HardwareSerial0.o)
                0x000019e0                _Z17Serial0_availablev
 .text.startup._GLOBAL__sub_I___vector_18
                0x000019f4       0x5a F:\Private\Broedmachine\Broedmachine_Code\Broedmachine_New\ArduinoCore\Debug\libArduinoCore.a(HardwareSerial0.o)
 .text.initVariant
                0x00001a4e        0x2 F:\Private\Broedmachine\Broedmachine_Code\Broedmachine_New\ArduinoCore\Debug\libArduinoCore.a(main.o)
                0x00001a4e                initVariant
 .text.startup.main
                0x00001a50       0x1e F:\Private\Broedmachine\Broedmachine_Code\Broedmachine_New\ArduinoCore\Debug\libArduinoCore.a(main.o)
                0x00001a50                main
 .text._ZN5Print5writeEPKhj
                0x00001a6e       0x54 F:\Private\Broedmachine\Broedmachine_Code\Broedmachine_New\ArduinoCore\Debug\libArduinoCore.a(Print.o)
                0x00001a6e                _ZN5Print5writeEPKhj
 .text._ZN5Print5writeEPKc
                0x00001ac2       0x2a F:\Private\Broedmachine\Broedmachine_Code\Broedmachine_New\ArduinoCore\Debug\libArduinoCore.a(Print.o)
                0x00001ac2                _ZN5Print5writeEPKc
 .text._ZN5Print5printEPKc
                0x00001aec        0x4 F:\Private\Broedmachine\Broedmachine_Code\Broedmachine_New\ArduinoCore\Debug\libArduinoCore.a(Print.o)
                0x00001aec                _ZN5Print5printEPKc
 .text._ZN5Print5printEc
                0x00001af0        0xe F:\Private\Broedmachine\Broedmachine_Code\Broedmachine_New\ArduinoCore\Debug\libArduinoCore.a(Print.o)
                0x00001af0                _ZN5Print5printEc
 .text._ZN5Print11printNumberEmh
                0x00001afe       0x92 F:\Private\Broedmachine\Broedmachine_Code\Broedmachine_New\ArduinoCore\Debug\libArduinoCore.a(Print.o)
                0x00001afe                _ZN5Print11printNumberEmh
 .text._ZN5Print5printEmi
                0x00001b90       0x1a F:\Private\Broedmachine\Broedmachine_Code\Broedmachine_New\ArduinoCore\Debug\libArduinoCore.a(Print.o)
                0x00001b90                _ZN5Print5printEmi
 .text._ZN5Print5printEji
                0x00001baa        0xc F:\Private\Broedmachine\Broedmachine_Code\Broedmachine_New\ArduinoCore\Debug\libArduinoCore.a(Print.o)
                0x00001baa                _ZN5Print5printEji
 .text._ZN5Print5printEli
                0x00001bb6       0x90 F:\Private\Broedmachine\Broedmachine_Code\Broedmachine_New\ArduinoCore\Debug\libArduinoCore.a(Print.o)
                0x00001bb6                _ZN5Print5printEli
 .text._ZN5Print5printEii
                0x00001c46        0xe F:\Private\Broedmachine\Broedmachine_Code\Broedmachine_New\ArduinoCore\Debug\libArduinoCore.a(Print.o)
                0x00001c46                _ZN5Print5printEii
 .text._ZN5Print10printFloatEdh
                0x00001c54      0x1b6 F:\Private\Broedmachine\Broedmachine_Code\Broedmachine_New\ArduinoCore\Debug\libArduinoCore.a(Print.o)
                0x00001c54                _ZN5Print10printFloatEdh
 .text._ZN5Print5printEdi
                0x00001e0a        0x4 F:\Private\Broedmachine\Broedmachine_Code\Broedmachine_New\ArduinoCore\Debug\libArduinoCore.a(Print.o)
                0x00001e0a                _ZN5Print5printEdi
 .text._ZN6Stream9timedReadEv
                0x00001e0e       0x60 F:\Private\Broedmachine\Broedmachine_Code\Broedmachine_New\ArduinoCore\Debug\libArduinoCore.a(Stream.o)
                0x00001e0e                _ZN6Stream9timedReadEv
 .text._ZN6Stream9readBytesEPcj
                0x00001e6e       0x4a F:\Private\Broedmachine\Broedmachine_Code\Broedmachine_New\ArduinoCore\Debug\libArduinoCore.a(Stream.o)
                0x00001e6e                _ZN6Stream9readBytesEPcj
 .text.nothing  0x00001eb8        0x2 F:\Private\Broedmachine\Broedmachine_Code\Broedmachine_New\ArduinoCore\Debug\libArduinoCore.a(WInterrupts.o)
 .text.attachInterrupt
                0x00001eba       0x40 F:\Private\Broedmachine\Broedmachine_Code\Broedmachine_New\ArduinoCore\Debug\libArduinoCore.a(WInterrupts.o)
                0x00001eba                attachInterrupt
 .text.detachInterrupt
                0x00001efa       0x24 F:\Private\Broedmachine\Broedmachine_Code\Broedmachine_New\ArduinoCore\Debug\libArduinoCore.a(WInterrupts.o)
                0x00001efa                detachInterrupt
 .text.__vector_1
                0x00001f1e       0x4e F:\Private\Broedmachine\Broedmachine_Code\Broedmachine_New\ArduinoCore\Debug\libArduinoCore.a(WInterrupts.o)
                0x00001f1e                __vector_1
 .text.__vector_2
                0x00001f6c       0x4e F:\Private\Broedmachine\Broedmachine_Code\Broedmachine_New\ArduinoCore\Debug\libArduinoCore.a(WInterrupts.o)
                0x00001f6c                __vector_2
 .text.__vector_16
                0x00001fba       0x94 F:\Private\Broedmachine\Broedmachine_Code\Broedmachine_New\ArduinoCore\Debug\libArduinoCore.a(wiring.o)
                0x00001fba                __vector_16
 .text.millis   0x0000204e       0x18 F:\Private\Broedmachine\Broedmachine_Code\Broedmachine_New\ArduinoCore\Debug\libArduinoCore.a(wiring.o)
                0x0000204e                millis
 .text.micros   0x00002066       0x4a F:\Private\Broedmachine\Broedmachine_Code\Broedmachine_New\ArduinoCore\Debug\libArduinoCore.a(wiring.o)
                0x00002066                micros
 .text.delay    0x000020b0       0x78 F:\Private\Broedmachine\Broedmachine_Code\Broedmachine_New\ArduinoCore\Debug\libArduinoCore.a(wiring.o)
                0x000020b0                delay
 .text.delayMicroseconds
                0x00002128       0x16 F:\Private\Broedmachine\Broedmachine_Code\Broedmachine_New\ArduinoCore\Debug\libArduinoCore.a(wiring.o)
                0x00002128                delayMicroseconds
 .text.init     0x0000213e       0x76 F:\Private\Broedmachine\Broedmachine_Code\Broedmachine_New\ArduinoCore\Debug\libArduinoCore.a(wiring.o)
                0x0000213e                init
 .text.analogRead
                0x000021b4       0x3a F:\Private\Broedmachine\Broedmachine_Code\Broedmachine_New\ArduinoCore\Debug\libArduinoCore.a(wiring_analog.o)
                0x000021b4                analogRead
 .text.turnOffPWM
                0x000021ee       0x52 F:\Private\Broedmachine\Broedmachine_Code\Broedmachine_New\ArduinoCore\Debug\libArduinoCore.a(wiring_digital.o)
 .text.pinMode  0x00002240       0x78 F:\Private\Broedmachine\Broedmachine_Code\Broedmachine_New\ArduinoCore\Debug\libArduinoCore.a(wiring_digital.o)
                0x00002240                pinMode
 .text.digitalWrite
                0x000022b8       0x5e F:\Private\Broedmachine\Broedmachine_Code\Broedmachine_New\ArduinoCore\Debug\libArduinoCore.a(wiring_digital.o)
                0x000022b8                digitalWrite
 .text._ZN13LiquidCrystal11pulseEnableEv
                0x00002316       0x3a F:\Private\Broedmachine\Broedmachine_Code\Broedmachine_New\ArduinoCore\Debug\libArduinoCore.a(LiquidCrystal.o)
                0x00002316                _ZN13LiquidCrystal11pulseEnableEv
 .text._ZN13LiquidCrystal10write4bitsEh
                0x00002350       0x5a F:\Private\Broedmachine\Broedmachine_Code\Broedmachine_New\ArduinoCore\Debug\libArduinoCore.a(LiquidCrystal.o)
                0x00002350                _ZN13LiquidCrystal10write4bitsEh
 .text._ZN13LiquidCrystal10write8bitsEh
                0x000023aa       0x5a F:\Private\Broedmachine\Broedmachine_Code\Broedmachine_New\ArduinoCore\Debug\libArduinoCore.a(LiquidCrystal.o)
                0x000023aa                _ZN13LiquidCrystal10write8bitsEh
 .text._ZN13LiquidCrystal4sendEhh
                0x00002404       0x52 F:\Private\Broedmachine\Broedmachine_Code\Broedmachine_New\ArduinoCore\Debug\libArduinoCore.a(LiquidCrystal.o)
                0x00002404                _ZN13LiquidCrystal4sendEhh
 .text._ZN13LiquidCrystal7commandEh
                0x00002456        0x6 F:\Private\Broedmachine\Broedmachine_Code\Broedmachine_New\ArduinoCore\Debug\libArduinoCore.a(LiquidCrystal.o)
                0x00002456                _ZN13LiquidCrystal7commandEh
 .text._ZN13LiquidCrystal5clearEv
                0x0000245c        0xe F:\Private\Broedmachine\Broedmachine_Code\Broedmachine_New\ArduinoCore\Debug\libArduinoCore.a(LiquidCrystal.o)
                0x0000245c                _ZN13LiquidCrystal5clearEv
 .text._ZN13LiquidCrystal9setCursorEhh
                0x0000246a       0x26 F:\Private\Broedmachine\Broedmachine_Code\Broedmachine_New\ArduinoCore\Debug\libArduinoCore.a(LiquidCrystal.o)
                0x0000246a                _ZN13LiquidCrystal9setCursorEhh
 .text._ZN13LiquidCrystal7displayEv
                0x00002490       0x10 F:\Private\Broedmachine\Broedmachine_Code\Broedmachine_New\ArduinoCore\Debug\libArduinoCore.a(LiquidCrystal.o)
                0x00002490                _ZN13LiquidCrystal7displayEv
 .text._ZN13LiquidCrystal5beginEhhh
                0x000024a0      0x14a F:\Private\Broedmachine\Broedmachine_Code\Broedmachine_New\ArduinoCore\Debug\libArduinoCore.a(LiquidCrystal.o)
                0x000024a0                _ZN13LiquidCrystal5beginEhhh
 .text._ZN13LiquidCrystalC2Ehhhhhh
                0x000025ea       0x40 F:\Private\Broedmachine\Broedmachine_Code\Broedmachine_New\ArduinoCore\Debug\libArduinoCore.a(LiquidCrystal.o)
                0x000025ea                _ZN13LiquidCrystalC1Ehhhhhh
                0x000025ea                _ZN13LiquidCrystalC2Ehhhhhh
 .text._ZN13LiquidCrystal5writeEh
                0x0000262a        0xc F:\Private\Broedmachine\Broedmachine_Code\Broedmachine_New\ArduinoCore\Debug\libArduinoCore.a(LiquidCrystal.o)
                0x0000262a                _ZN13LiquidCrystal5writeEh
 .text.__empty  0x00002636        0x2 F:\Private\Broedmachine\Broedmachine_Code\Broedmachine_New\ArduinoCore\Debug\libArduinoCore.a(hooks.o)
                0x00002636                yield
 .text.avr-libc.fplib
                0x00002638        0xa c:/program files (x86)/atmel/studio/7.0/toolchain/avr8/avr8-gnu-toolchain/bin/../lib/gcc/avr/5.4.0/../../../../avr/lib/avr5\libm.a(cmpsf2.o)
                0x00002638                __nesf2
                0x00002638                __eqsf2
                0x00002638                __cmpsf2
                0x00002638                __ltsf2
                0x00002638                __lesf2
 .text.avr-libc.fplib
                0x00002642        0x8 c:/program files (x86)/atmel/studio/7.0/toolchain/avr8/avr8-gnu-toolchain/bin/../lib/gcc/avr/5.4.0/../../../../avr/lib/avr5\libm.a(divsf3.o)
                0x00002642                __divsf3
 .text.avr-libc.fplib
                0x0000264a       0xdc c:/program files (x86)/atmel/studio/7.0/toolchain/avr8/avr8-gnu-toolchain/bin/../lib/gcc/avr/5.4.0/../../../../avr/lib/avr5\libm.a(divsf3x.o)
                0x0000266a                __divsf3x
                0x00002670                __divsf3_pse
 .text.avr-libc.fplib
                0x00002726       0x48 c:/program files (x86)/atmel/studio/7.0/toolchain/avr8/avr8-gnu-toolchain/bin/../lib/gcc/avr/5.4.0/../../../../avr/lib/avr5\libm.a(fp_cmp.o)
                0x00002726                __fp_cmp
 .text.avr-libc.fplib
                0x0000276e        0xa c:/program files (x86)/atmel/studio/7.0/toolchain/avr8/avr8-gnu-toolchain/bin/../lib/gcc/avr/5.4.0/../../../../avr/lib/avr5\libm.a(gesf2.o)
                0x0000276e                __gesf2
                0x0000276e                __gtsf2
 .text.avr-libc.fplib
                0x00002778        0xa c:/program files (x86)/atmel/studio/7.0/toolchain/avr8/avr8-gnu-toolchain/bin/../lib/gcc/avr/5.4.0/../../../../avr/lib/avr5\libm.a(unordsf2.o)
                0x00002778                __unordsf2
 .text.libgcc.div
                0x00002782       0x44 c:/program files (x86)/atmel/studio/7.0/toolchain/avr8/avr8-gnu-toolchain/bin/../lib/gcc/avr/5.4.0/avr5\libgcc.a(_udivmodsi4.o)
                0x00002782                __udivmodsi4
 .text.libgcc.mul
                0x000027c6       0x16 c:/program files (x86)/atmel/studio/7.0/toolchain/avr8/avr8-gnu-toolchain/bin/../lib/gcc/avr/5.4.0/avr5\libgcc.a(_muluhisi3.o)
                0x000027c6                __muluhisi3
 .text.libgcc   0x000027dc        0xc c:/program files (x86)/atmel/studio/7.0/toolchain/avr8/avr8-gnu-toolchain/bin/../lib/gcc/avr/5.4.0/avr5\libgcc.a(_tablejump2.o)
                0x000027dc                __tablejump2__
 .text.libgcc.mul
                0x000027e8       0x1e c:/program files (x86)/atmel/studio/7.0/toolchain/avr8/avr8-gnu-toolchain/bin/../lib/gcc/avr/5.4.0/avr5\libgcc.a(_umulhisi3.o)
                0x000027e8                __umulhisi3
                0x00002806                . = ALIGN (0x2)
 *(.fini9)
 .fini9         0x00002806        0x0 c:/program files (x86)/atmel/studio/7.0/toolchain/avr8/avr8-gnu-toolchain/bin/../lib/gcc/avr/5.4.0/avr5\libgcc.a(_exit.o)
                0x00002806                _exit
                0x00002806                exit
 *(.fini9)
 *(.fini8)
 *(.fini8)
 *(.fini7)
 *(.fini7)
 *(.fini6)
 *(.fini6)
 *(.fini5)
 *(.fini5)
 *(.fini4)
 *(.fini4)
 *(.fini3)
 *(.fini3)
 *(.fini2)
 *(.fini2)
 *(.fini1)
 *(.fini1)
 *(.fini0)
 .fini0         0x00002806        0x4 c:/program files (x86)/atmel/studio/7.0/toolchain/avr8/avr8-gnu-toolchain/bin/../lib/gcc/avr/5.4.0/avr5\libgcc.a(_exit.o)
 *(.fini0)
                0x0000280a                _etext = .

.data           0x00800100       0x78 load address 0x0000280a
                0x00800100                PROVIDE (__data_start, .)
 *(.data)
 *(.data*)
 .data.intFunc  0x00800100        0x4 F:\Private\Broedmachine\Broedmachine_Code\Broedmachine_New\ArduinoCore\Debug\libArduinoCore.a(WInterrupts.o)
 .data.analog_reference
                0x00800104        0x1 F:\Private\Broedmachine\Broedmachine_Code\Broedmachine_New\ArduinoCore\Debug\libArduinoCore.a(wiring_analog.o)
                0x00800104                analog_reference
 *(.rodata)
 *(.rodata*)
 .rodata.str1.1
                0x00800105       0x2b src/LCDPanel.o
 .rodata.str1.1
                0x00800130       0x2b src/SR04.o
                                  0x5 (size before relaxing)
 .rodata._ZTV7TwoWire
                0x00800130       0x10 src/libraries/Wire/src/Wire.o
                0x00800130                _ZTV7TwoWire
 .rodata.str1.1
                0x00800140       0x11 src/Broedmachine.o
                                 0x18 (size before relaxing)
 .rodata._ZTV14HardwareSerial
                0x00800151       0x10 F:\Private\Broedmachine\Broedmachine_Code\Broedmachine_New\ArduinoCore\Debug\libArduinoCore.a(HardwareSerial.o)
                0x00800151                _ZTV14HardwareSerial
 .rodata.str1.1
                0x00800161        0xf F:\Private\Broedmachine\Broedmachine_Code\Broedmachine_New\ArduinoCore\Debug\libArduinoCore.a(Print.o)
 .rodata._ZTV13LiquidCrystal
                0x00800170        0x8 F:\Private\Broedmachine\Broedmachine_Code\Broedmachine_New\ArduinoCore\Debug\libArduinoCore.a(LiquidCrystal.o)
                0x00800170                _ZTV13LiquidCrystal
 *(.gnu.linkonce.d*)
                0x00800178                . = ALIGN (0x2)
                0x00800178                _edata = .
                0x00800178                PROVIDE (__data_end, .)

.bss            0x00800178      0x1ce
                0x00800178                PROVIDE (__bss_start, .)
 *(.bss)
 .bss           0x00800178       0x1c src/LCDPanel.o
                0x00800178                lcd
                0x00800190                adc_key_in
                0x00800192                lcd_key
 .bss           0x00800194       0x20 src/SR04.o
                0x00800194                lcdd
                0x008001b0                microseconds
 .bss           0x008001b4       0x56 src/libraries/Wire/src/Wire.o
                0x008001b4                Wire
                0x008001c0                _ZN7TwoWire14user_onReceiveE
                0x008001c2                _ZN7TwoWire14user_onRequestE
                0x008001c4                _ZN7TwoWire12transmittingE
                0x008001c5                _ZN7TwoWire14txBufferLengthE
                0x008001c6                _ZN7TwoWire13txBufferIndexE
                0x008001c7                _ZN7TwoWire8txBufferE
                0x008001e7                _ZN7TwoWire9txAddressE
                0x008001e8                _ZN7TwoWire14rxBufferLengthE
                0x008001e9                _ZN7TwoWire13rxBufferIndexE
                0x008001ea                _ZN7TwoWire8rxBufferE
 .bss           0x0080020a       0x28 src/Broedmachine.o
                0x0080020a                lcddd
                0x00800222                increment
                0x00800224                ads
                0x00800229                hdc1080
 *(.bss*)
 .bss.twi_error
                0x00800232        0x1 src/libraries/Wire/src/utility/twi.o
 .bss.twi_rxBufferIndex
                0x00800233        0x1 src/libraries/Wire/src/utility/twi.o
 .bss.twi_rxBuffer
                0x00800234       0x20 src/libraries/Wire/src/utility/twi.o
 .bss.twi_txBufferLength
                0x00800254        0x1 src/libraries/Wire/src/utility/twi.o
 .bss.twi_txBufferIndex
                0x00800255        0x1 src/libraries/Wire/src/utility/twi.o
 .bss.twi_txBuffer
                0x00800256       0x20 src/libraries/Wire/src/utility/twi.o
 .bss.twi_masterBufferLength
                0x00800276        0x1 src/libraries/Wire/src/utility/twi.o
 .bss.twi_masterBufferIndex
                0x00800277        0x1 src/libraries/Wire/src/utility/twi.o
 .bss.twi_masterBuffer
                0x00800278       0x20 src/libraries/Wire/src/utility/twi.o
 .bss.twi_onSlaveReceive
                0x00800298        0x2 src/libraries/Wire/src/utility/twi.o
 .bss.twi_onSlaveTransmit
                0x0080029a        0x2 src/libraries/Wire/src/utility/twi.o
 .bss.twi_inRepStart
                0x0080029c        0x1 src/libraries/Wire/src/utility/twi.o
 .bss.twi_sendStop
                0x0080029d        0x1 src/libraries/Wire/src/utility/twi.o
 .bss.twi_slarw
                0x0080029e        0x1 src/libraries/Wire/src/utility/twi.o
 .bss.twi_state
                0x0080029f        0x1 src/libraries/Wire/src/utility/twi.o
 .bss.Serial    0x008002a0       0x9d F:\Private\Broedmachine\Broedmachine_Code\Broedmachine_New\ArduinoCore\Debug\libArduinoCore.a(HardwareSerial0.o)
                0x008002a0                Serial
 .bss.timer0_fract
                0x0080033d        0x1 F:\Private\Broedmachine\Broedmachine_Code\Broedmachine_New\ArduinoCore\Debug\libArduinoCore.a(wiring.o)
 .bss.timer0_millis
                0x0080033e        0x4 F:\Private\Broedmachine\Broedmachine_Code\Broedmachine_New\ArduinoCore\Debug\libArduinoCore.a(wiring.o)
                0x0080033e                timer0_millis
 .bss.timer0_overflow_count
                0x00800342        0x4 F:\Private\Broedmachine\Broedmachine_Code\Broedmachine_New\ArduinoCore\Debug\libArduinoCore.a(wiring.o)
                0x00800342                timer0_overflow_count
 *(COMMON)
                0x00800346                PROVIDE (__bss_end, .)
                0x0000280a                __data_load_start = LOADADDR (.data)
                0x00002882                __data_load_end = (__data_load_start + SIZEOF (.data))

.noinit         0x00800346        0x0
                [!provide]                PROVIDE (__noinit_start, .)
 *(.noinit*)
                [!provide]                PROVIDE (__noinit_end, .)
                0x00800346                _end = .
                0x00800346                PROVIDE (__heap_start, .)

.eeprom         0x00810000        0x0
 *(.eeprom*)
                0x00810000                __eeprom_end = .

.fuse
 *(.fuse)
 *(.lfuse)
 *(.hfuse)
 *(.efuse)

.lock
 *(.lock*)

.signature
 *(.signature*)

.user_signatures
 *(.user_signatures*)

.stab
 *(.stab)

.stabstr
 *(.stabstr)

.stab.excl
 *(.stab.excl)

.stab.exclstr
 *(.stab.exclstr)

.stab.index
 *(.stab.index)

.stab.indexstr
 *(.stab.indexstr)

.comment        0x00000000       0x30
 *(.comment)
 .comment       0x00000000       0x30 src/LCDPanel.o
                                 0x31 (size before relaxing)
 .comment       0x00000030       0x31 src/SR04.o
 .comment       0x00000030       0x31 src/HDC1080.o
 .comment       0x00000030       0x31 src/libraries/Wire/src/utility/twi.o
 .comment       0x00000030       0x31 src/libraries/Wire/src/Wire.o
 .comment       0x00000030       0x31 src/ADS1015.o
 .comment       0x00000030       0x31 src/Broedmachine.o
 .comment       0x00000030       0x31 F:\Private\Broedmachine\Broedmachine_Code\Broedmachine_New\ArduinoCore\Debug\libArduinoCore.a(HardwareSerial.o)
 .comment       0x00000030       0x31 F:\Private\Broedmachine\Broedmachine_Code\Broedmachine_New\ArduinoCore\Debug\libArduinoCore.a(HardwareSerial0.o)
 .comment       0x00000030       0x31 F:\Private\Broedmachine\Broedmachine_Code\Broedmachine_New\ArduinoCore\Debug\libArduinoCore.a(main.o)
 .comment       0x00000030       0x31 F:\Private\Broedmachine\Broedmachine_Code\Broedmachine_New\ArduinoCore\Debug\libArduinoCore.a(Print.o)
 .comment       0x00000030       0x31 F:\Private\Broedmachine\Broedmachine_Code\Broedmachine_New\ArduinoCore\Debug\libArduinoCore.a(Stream.o)
 .comment       0x00000030       0x31 F:\Private\Broedmachine\Broedmachine_Code\Broedmachine_New\ArduinoCore\Debug\libArduinoCore.a(WInterrupts.o)
 .comment       0x00000030       0x31 F:\Private\Broedmachine\Broedmachine_Code\Broedmachine_New\ArduinoCore\Debug\libArduinoCore.a(wiring.o)
 .comment       0x00000030       0x31 F:\Private\Broedmachine\Broedmachine_Code\Broedmachine_New\ArduinoCore\Debug\libArduinoCore.a(wiring_analog.o)
 .comment       0x00000030       0x31 F:\Private\Broedmachine\Broedmachine_Code\Broedmachine_New\ArduinoCore\Debug\libArduinoCore.a(wiring_digital.o)
 .comment       0x00000030       0x31 F:\Private\Broedmachine\Broedmachine_Code\Broedmachine_New\ArduinoCore\Debug\libArduinoCore.a(LiquidCrystal.o)
 .comment       0x00000030       0x31 F:\Private\Broedmachine\Broedmachine_Code\Broedmachine_New\ArduinoCore\Debug\libArduinoCore.a(hooks.o)

.note.gnu.avr.deviceinfo
                0x00000000       0x40
 .note.gnu.avr.deviceinfo
                0x00000000       0x40 C:/Program Files (x86)/Atmel/Studio/7.0/Packs/atmel/ATmega_DFP/1.2.132/gcc/dev/atmega328p/avr5/crtatmega328p.o

.note.gnu.build-id
 *(.note.gnu.build-id)

.debug
 *(.debug)

.line
 *(.line)

.debug_srcinfo
 *(.debug_srcinfo)

.debug_sfnames
 *(.debug_sfnames)

.debug_aranges  0x00000000      0x5c8
 *(.debug_aranges)
 .debug_aranges
                0x00000000       0x28 src/LCDPanel.o
 .debug_aranges
                0x00000028       0x28 src/SR04.o
 .debug_aranges
                0x00000050       0x20 src/HDC1080.o
 .debug_aranges
                0x00000070       0x80 src/libraries/Wire/src/utility/twi.o
 .debug_aranges
                0x000000f0       0x28 src/libraries/Wire/src/Wire.o
 .debug_aranges
                0x00000118       0x20 src/ADS1015.o
 .debug_aranges
                0x00000138       0x28 src/Broedmachine.o
 .debug_aranges
                0x00000160       0x68 F:\Private\Broedmachine\Broedmachine_Code\Broedmachine_New\ArduinoCore\Debug\libArduinoCore.a(HardwareSerial.o)
 .debug_aranges
                0x000001c8       0x38 F:\Private\Broedmachine\Broedmachine_Code\Broedmachine_New\ArduinoCore\Debug\libArduinoCore.a(HardwareSerial0.o)
 .debug_aranges
                0x00000200       0x30 F:\Private\Broedmachine\Broedmachine_Code\Broedmachine_New\ArduinoCore\Debug\libArduinoCore.a(main.o)
 .debug_aranges
                0x00000230       0xf0 F:\Private\Broedmachine\Broedmachine_Code\Broedmachine_New\ArduinoCore\Debug\libArduinoCore.a(Print.o)
 .debug_aranges
                0x00000320       0x98 F:\Private\Broedmachine\Broedmachine_Code\Broedmachine_New\ArduinoCore\Debug\libArduinoCore.a(Stream.o)
 .debug_aranges
                0x000003b8       0x40 F:\Private\Broedmachine\Broedmachine_Code\Broedmachine_New\ArduinoCore\Debug\libArduinoCore.a(WInterrupts.o)
 .debug_aranges
                0x000003f8       0x48 F:\Private\Broedmachine\Broedmachine_Code\Broedmachine_New\ArduinoCore\Debug\libArduinoCore.a(wiring.o)
 .debug_aranges
                0x00000440       0x30 F:\Private\Broedmachine\Broedmachine_Code\Broedmachine_New\ArduinoCore\Debug\libArduinoCore.a(wiring_analog.o)
 .debug_aranges
                0x00000470       0x38 F:\Private\Broedmachine\Broedmachine_Code\Broedmachine_New\ArduinoCore\Debug\libArduinoCore.a(wiring_digital.o)
 .debug_aranges
                0x000004a8      0x100 F:\Private\Broedmachine\Broedmachine_Code\Broedmachine_New\ArduinoCore\Debug\libArduinoCore.a(LiquidCrystal.o)
 .debug_aranges
                0x000005a8       0x20 F:\Private\Broedmachine\Broedmachine_Code\Broedmachine_New\ArduinoCore\Debug\libArduinoCore.a(hooks.o)

.debug_pubnames
 *(.debug_pubnames)

.debug_info     0x00000000    0x1287b
 *(.debug_info .gnu.linkonce.wi.*)
 .debug_info    0x00000000      0x5f4 C:/Program Files (x86)/Atmel/Studio/7.0/Packs/atmel/ATmega_DFP/1.2.132/gcc/dev/atmega328p/avr5/crtatmega328p.o
 .debug_info    0x000005f4      0x460 src/LCDPanel.o
 .debug_info    0x00000a54      0x639 src/SR04.o
 .debug_info    0x0000108d     0x2274 src/HDC1080.o
 .debug_info    0x00003301      0x604 src/libraries/Wire/src/utility/twi.o
 .debug_info    0x00003905     0x2737 src/libraries/Wire/src/Wire.o
 .debug_info    0x0000603c      0x9f6 src/ADS1015.o
 .debug_info    0x00006a32     0x1028 src/Broedmachine.o
 .debug_info    0x00007a5a     0x1ea5 F:\Private\Broedmachine\Broedmachine_Code\Broedmachine_New\ArduinoCore\Debug\libArduinoCore.a(HardwareSerial.o)
 .debug_info    0x000098ff     0x1a99 F:\Private\Broedmachine\Broedmachine_Code\Broedmachine_New\ArduinoCore\Debug\libArduinoCore.a(HardwareSerial0.o)
 .debug_info    0x0000b398      0x237 F:\Private\Broedmachine\Broedmachine_Code\Broedmachine_New\ArduinoCore\Debug\libArduinoCore.a(main.o)
 .debug_info    0x0000b5cf     0x285e F:\Private\Broedmachine\Broedmachine_Code\Broedmachine_New\ArduinoCore\Debug\libArduinoCore.a(Print.o)
 .debug_info    0x0000de2d     0x2182 F:\Private\Broedmachine\Broedmachine_Code\Broedmachine_New\ArduinoCore\Debug\libArduinoCore.a(Stream.o)
 .debug_info    0x0000ffaf      0x21c F:\Private\Broedmachine\Broedmachine_Code\Broedmachine_New\ArduinoCore\Debug\libArduinoCore.a(WInterrupts.o)
 .debug_info    0x000101cb      0x2cb F:\Private\Broedmachine\Broedmachine_Code\Broedmachine_New\ArduinoCore\Debug\libArduinoCore.a(wiring.o)
 .debug_info    0x00010496      0x26d F:\Private\Broedmachine\Broedmachine_Code\Broedmachine_New\ArduinoCore\Debug\libArduinoCore.a(wiring_analog.o)
 .debug_info    0x00010703      0x5fe F:\Private\Broedmachine\Broedmachine_Code\Broedmachine_New\ArduinoCore\Debug\libArduinoCore.a(wiring_digital.o)
 .debug_info    0x00010d01     0x1b3c F:\Private\Broedmachine\Broedmachine_Code\Broedmachine_New\ArduinoCore\Debug\libArduinoCore.a(LiquidCrystal.o)
 .debug_info    0x0001283d       0x3e F:\Private\Broedmachine\Broedmachine_Code\Broedmachine_New\ArduinoCore\Debug\libArduinoCore.a(hooks.o)

.debug_abbrev   0x00000000     0x37e8
 *(.debug_abbrev)
 .debug_abbrev  0x00000000      0x5a2 C:/Program Files (x86)/Atmel/Studio/7.0/Packs/atmel/ATmega_DFP/1.2.132/gcc/dev/atmega328p/avr5/crtatmega328p.o
 .debug_abbrev  0x000005a2      0x222 src/LCDPanel.o
 .debug_abbrev  0x000007c4      0x222 src/SR04.o
 .debug_abbrev  0x000009e6      0x4a5 src/HDC1080.o
 .debug_abbrev  0x00000e8b      0x260 src/libraries/Wire/src/utility/twi.o
 .debug_abbrev  0x000010eb      0x583 src/libraries/Wire/src/Wire.o
 .debug_abbrev  0x0000166e      0x389 src/ADS1015.o
 .debug_abbrev  0x000019f7      0x37e src/Broedmachine.o
 .debug_abbrev  0x00001d75      0x432 F:\Private\Broedmachine\Broedmachine_Code\Broedmachine_New\ArduinoCore\Debug\libArduinoCore.a(HardwareSerial.o)
 .debug_abbrev  0x000021a7      0x3a2 F:\Private\Broedmachine\Broedmachine_Code\Broedmachine_New\ArduinoCore\Debug\libArduinoCore.a(HardwareSerial0.o)
 .debug_abbrev  0x00002549      0x12d F:\Private\Broedmachine\Broedmachine_Code\Broedmachine_New\ArduinoCore\Debug\libArduinoCore.a(main.o)
 .debug_abbrev  0x00002676      0x469 F:\Private\Broedmachine\Broedmachine_Code\Broedmachine_New\ArduinoCore\Debug\libArduinoCore.a(Print.o)
 .debug_abbrev  0x00002adf      0x4a3 F:\Private\Broedmachine\Broedmachine_Code\Broedmachine_New\ArduinoCore\Debug\libArduinoCore.a(Stream.o)
 .debug_abbrev  0x00002f82       0xfc F:\Private\Broedmachine\Broedmachine_Code\Broedmachine_New\ArduinoCore\Debug\libArduinoCore.a(WInterrupts.o)
 .debug_abbrev  0x0000307e      0x146 F:\Private\Broedmachine\Broedmachine_Code\Broedmachine_New\ArduinoCore\Debug\libArduinoCore.a(wiring.o)
 .debug_abbrev  0x000031c4      0x16b F:\Private\Broedmachine\Broedmachine_Code\Broedmachine_New\ArduinoCore\Debug\libArduinoCore.a(wiring_analog.o)
 .debug_abbrev  0x0000332f      0x15b F:\Private\Broedmachine\Broedmachine_Code\Broedmachine_New\ArduinoCore\Debug\libArduinoCore.a(wiring_digital.o)
 .debug_abbrev  0x0000348a      0x334 F:\Private\Broedmachine\Broedmachine_Code\Broedmachine_New\ArduinoCore\Debug\libArduinoCore.a(LiquidCrystal.o)
 .debug_abbrev  0x000037be       0x2a F:\Private\Broedmachine\Broedmachine_Code\Broedmachine_New\ArduinoCore\Debug\libArduinoCore.a(hooks.o)

.debug_line     0x00000000     0x41e4
 *(.debug_line .debug_line.* .debug_line_end)
 .debug_line    0x00000000      0x133 C:/Program Files (x86)/Atmel/Studio/7.0/Packs/atmel/ATmega_DFP/1.2.132/gcc/dev/atmega328p/avr5/crtatmega328p.o
 .debug_line    0x00000133      0x2d2 src/LCDPanel.o
 .debug_line    0x00000405      0x295 src/SR04.o
 .debug_line    0x0000069a      0x3fe src/HDC1080.o
 .debug_line    0x00000a98      0x519 src/libraries/Wire/src/utility/twi.o
 .debug_line    0x00000fb1      0x4ab src/libraries/Wire/src/Wire.o
 .debug_line    0x0000145c      0x3cb src/ADS1015.o
 .debug_line    0x00001827      0x422 src/Broedmachine.o
 .debug_line    0x00001c49      0x426 F:\Private\Broedmachine\Broedmachine_Code\Broedmachine_New\ArduinoCore\Debug\libArduinoCore.a(HardwareSerial.o)
 .debug_line    0x0000206f      0x257 F:\Private\Broedmachine\Broedmachine_Code\Broedmachine_New\ArduinoCore\Debug\libArduinoCore.a(HardwareSerial0.o)
 .debug_line    0x000022c6      0x165 F:\Private\Broedmachine\Broedmachine_Code\Broedmachine_New\ArduinoCore\Debug\libArduinoCore.a(main.o)
 .debug_line    0x0000242b      0x626 F:\Private\Broedmachine\Broedmachine_Code\Broedmachine_New\ArduinoCore\Debug\libArduinoCore.a(Print.o)
 .debug_line    0x00002a51      0x5f7 F:\Private\Broedmachine\Broedmachine_Code\Broedmachine_New\ArduinoCore\Debug\libArduinoCore.a(Stream.o)
 .debug_line    0x00003048      0x1a0 F:\Private\Broedmachine\Broedmachine_Code\Broedmachine_New\ArduinoCore\Debug\libArduinoCore.a(WInterrupts.o)
 .debug_line    0x000031e8      0x299 F:\Private\Broedmachine\Broedmachine_Code\Broedmachine_New\ArduinoCore\Debug\libArduinoCore.a(wiring.o)
 .debug_line    0x00003481      0x20f F:\Private\Broedmachine\Broedmachine_Code\Broedmachine_New\ArduinoCore\Debug\libArduinoCore.a(wiring_analog.o)
 .debug_line    0x00003690      0x252 F:\Private\Broedmachine\Broedmachine_Code\Broedmachine_New\ArduinoCore\Debug\libArduinoCore.a(wiring_digital.o)
 .debug_line    0x000038e2      0x8c1 F:\Private\Broedmachine\Broedmachine_Code\Broedmachine_New\ArduinoCore\Debug\libArduinoCore.a(LiquidCrystal.o)
 .debug_line    0x000041a3       0x41 F:\Private\Broedmachine\Broedmachine_Code\Broedmachine_New\ArduinoCore\Debug\libArduinoCore.a(hooks.o)

.debug_frame    0x00000000     0x16a4
 *(.debug_frame)
 .debug_frame   0x00000000       0x70 src/LCDPanel.o
 .debug_frame   0x00000070       0x78 src/SR04.o
 .debug_frame   0x000000e8      0x188 src/HDC1080.o
 .debug_frame   0x00000270      0x134 src/libraries/Wire/src/utility/twi.o
 .debug_frame   0x000003a4      0x264 src/libraries/Wire/src/Wire.o
 .debug_frame   0x00000608      0x138 src/ADS1015.o
 .debug_frame   0x00000740       0xf0 src/Broedmachine.o
 .debug_frame   0x00000830      0x110 F:\Private\Broedmachine\Broedmachine_Code\Broedmachine_New\ArduinoCore\Debug\libArduinoCore.a(HardwareSerial.o)
 .debug_frame   0x00000940       0xc0 F:\Private\Broedmachine\Broedmachine_Code\Broedmachine_New\ArduinoCore\Debug\libArduinoCore.a(HardwareSerial0.o)
 .debug_frame   0x00000a00       0x54 F:\Private\Broedmachine\Broedmachine_Code\Broedmachine_New\ArduinoCore\Debug\libArduinoCore.a(main.o)
 .debug_frame   0x00000a54      0x38c F:\Private\Broedmachine\Broedmachine_Code\Broedmachine_New\ArduinoCore\Debug\libArduinoCore.a(Print.o)
 .debug_frame   0x00000de0      0x2e4 F:\Private\Broedmachine\Broedmachine_Code\Broedmachine_New\ArduinoCore\Debug\libArduinoCore.a(Stream.o)
 .debug_frame   0x000010c4       0xf4 F:\Private\Broedmachine\Broedmachine_Code\Broedmachine_New\ArduinoCore\Debug\libArduinoCore.a(WInterrupts.o)
 .debug_frame   0x000011b8       0xc4 F:\Private\Broedmachine\Broedmachine_Code\Broedmachine_New\ArduinoCore\Debug\libArduinoCore.a(wiring.o)
 .debug_frame   0x0000127c       0x54 F:\Private\Broedmachine\Broedmachine_Code\Broedmachine_New\ArduinoCore\Debug\libArduinoCore.a(wiring_analog.o)
 .debug_frame   0x000012d0       0x7c F:\Private\Broedmachine\Broedmachine_Code\Broedmachine_New\ArduinoCore\Debug\libArduinoCore.a(wiring_digital.o)
 .debug_frame   0x0000134c      0x334 F:\Private\Broedmachine\Broedmachine_Code\Broedmachine_New\ArduinoCore\Debug\libArduinoCore.a(LiquidCrystal.o)
 .debug_frame   0x00001680       0x24 F:\Private\Broedmachine\Broedmachine_Code\Broedmachine_New\ArduinoCore\Debug\libArduinoCore.a(hooks.o)

.debug_str      0x00000000     0x37ae
 *(.debug_str)
 .debug_str     0x00000000      0x208 C:/Program Files (x86)/Atmel/Studio/7.0/Packs/atmel/ATmega_DFP/1.2.132/gcc/dev/atmega328p/avr5/crtatmega328p.o
 .debug_str     0x00000208      0x368 src/LCDPanel.o
                                0x3cf (size before relaxing)
 .debug_str     0x00000570      0x156 src/SR04.o
                                0x47f (size before relaxing)
 .debug_str     0x000006c6     0x1446 src/HDC1080.o
                               0x178e (size before relaxing)
 .debug_str     0x00001b0c      0x2c0 src/libraries/Wire/src/utility/twi.o
                                0x3c7 (size before relaxing)
 .debug_str     0x00001dcc      0x4c1 src/libraries/Wire/src/Wire.o
                               0x186a (size before relaxing)
 .debug_str     0x0000228d      0x29c src/ADS1015.o
                                0x622 (size before relaxing)
 .debug_str     0x00002529      0x1a8 src/Broedmachine.o
                                0xbec (size before relaxing)
 .debug_str     0x000026d1      0x4b5 F:\Private\Broedmachine\Broedmachine_Code\Broedmachine_New\ArduinoCore\Debug\libArduinoCore.a(HardwareSerial.o)
                               0x15f7 (size before relaxing)
 .debug_str     0x00002b86       0x47 F:\Private\Broedmachine\Broedmachine_Code\Broedmachine_New\ArduinoCore\Debug\libArduinoCore.a(HardwareSerial0.o)
                               0x13d0 (size before relaxing)
 .debug_str     0x00002bcd       0x37 F:\Private\Broedmachine\Broedmachine_Code\Broedmachine_New\ArduinoCore\Debug\libArduinoCore.a(main.o)
                                0x2ac (size before relaxing)
 .debug_str     0x00002c04      0x35f F:\Private\Broedmachine\Broedmachine_Code\Broedmachine_New\ArduinoCore\Debug\libArduinoCore.a(Print.o)
                               0x11f1 (size before relaxing)
 .debug_str     0x00002f63       0x97 F:\Private\Broedmachine\Broedmachine_Code\Broedmachine_New\ArduinoCore\Debug\libArduinoCore.a(Stream.o)
                               0x1277 (size before relaxing)
 .debug_str     0x00002ffa       0x62 F:\Private\Broedmachine\Broedmachine_Code\Broedmachine_New\ArduinoCore\Debug\libArduinoCore.a(WInterrupts.o)
                                0x22f (size before relaxing)
 .debug_str     0x0000305c       0x66 F:\Private\Broedmachine\Broedmachine_Code\Broedmachine_New\ArduinoCore\Debug\libArduinoCore.a(wiring.o)
                                0x242 (size before relaxing)
 .debug_str     0x000030c2       0x67 F:\Private\Broedmachine\Broedmachine_Code\Broedmachine_New\ArduinoCore\Debug\libArduinoCore.a(wiring_analog.o)
                                0x246 (size before relaxing)
 .debug_str     0x00003129       0xa9 F:\Private\Broedmachine\Broedmachine_Code\Broedmachine_New\ArduinoCore\Debug\libArduinoCore.a(wiring_digital.o)
                                0x2a7 (size before relaxing)
 .debug_str     0x000031d2      0x5c0 F:\Private\Broedmachine\Broedmachine_Code\Broedmachine_New\ArduinoCore\Debug\libArduinoCore.a(LiquidCrystal.o)
                                0x8f8 (size before relaxing)
 .debug_str     0x00003792       0x1c F:\Private\Broedmachine\Broedmachine_Code\Broedmachine_New\ArduinoCore\Debug\libArduinoCore.a(hooks.o)
                                0x137 (size before relaxing)

.debug_loc      0x00000000     0x7ddd
 *(.debug_loc)
 .debug_loc     0x00000000       0xe4 src/LCDPanel.o
 .debug_loc     0x000000e4      0x109 src/SR04.o
 .debug_loc     0x000001ed      0x675 src/HDC1080.o
 .debug_loc     0x00000862      0x3e6 src/libraries/Wire/src/utility/twi.o
 .debug_loc     0x00000c48      0xbd7 src/libraries/Wire/src/Wire.o
 .debug_loc     0x0000181f      0x6e4 src/ADS1015.o
 .debug_loc     0x00001f03      0x1bb src/Broedmachine.o
 .debug_loc     0x000020be      0x482 F:\Private\Broedmachine\Broedmachine_Code\Broedmachine_New\ArduinoCore\Debug\libArduinoCore.a(HardwareSerial.o)
 .debug_loc     0x00002540      0x18a F:\Private\Broedmachine\Broedmachine_Code\Broedmachine_New\ArduinoCore\Debug\libArduinoCore.a(HardwareSerial0.o)
 .debug_loc     0x000026ca     0x1c61 F:\Private\Broedmachine\Broedmachine_Code\Broedmachine_New\ArduinoCore\Debug\libArduinoCore.a(Print.o)
 .debug_loc     0x0000432b     0x14ae F:\Private\Broedmachine\Broedmachine_Code\Broedmachine_New\ArduinoCore\Debug\libArduinoCore.a(Stream.o)
 .debug_loc     0x000057d9      0x235 F:\Private\Broedmachine\Broedmachine_Code\Broedmachine_New\ArduinoCore\Debug\libArduinoCore.a(WInterrupts.o)
 .debug_loc     0x00005a0e      0x28d F:\Private\Broedmachine\Broedmachine_Code\Broedmachine_New\ArduinoCore\Debug\libArduinoCore.a(wiring.o)
 .debug_loc     0x00005c9b       0xfe F:\Private\Broedmachine\Broedmachine_Code\Broedmachine_New\ArduinoCore\Debug\libArduinoCore.a(wiring_analog.o)
 .debug_loc     0x00005d99      0x5fc F:\Private\Broedmachine\Broedmachine_Code\Broedmachine_New\ArduinoCore\Debug\libArduinoCore.a(wiring_digital.o)
 .debug_loc     0x00006395     0x1a48 F:\Private\Broedmachine\Broedmachine_Code\Broedmachine_New\ArduinoCore\Debug\libArduinoCore.a(LiquidCrystal.o)

.debug_macinfo
 *(.debug_macinfo)

.debug_weaknames
 *(.debug_weaknames)

.debug_funcnames
 *(.debug_funcnames)

.debug_typenames
 *(.debug_typenames)

.debug_varnames
 *(.debug_varnames)

.debug_pubtypes
 *(.debug_pubtypes)

.debug_ranges   0x00000000      0x560
 *(.debug_ranges)
 .debug_ranges  0x00000000       0x18 src/LCDPanel.o
 .debug_ranges  0x00000018       0x18 src/SR04.o
 .debug_ranges  0x00000030       0x70 src/libraries/Wire/src/utility/twi.o
 .debug_ranges  0x000000a0       0x18 src/libraries/Wire/src/Wire.o
 .debug_ranges  0x000000b8       0x18 src/Broedmachine.o
 .debug_ranges  0x000000d0       0x58 F:\Private\Broedmachine\Broedmachine_Code\Broedmachine_New\ArduinoCore\Debug\libArduinoCore.a(HardwareSerial.o)
 .debug_ranges  0x00000128       0x28 F:\Private\Broedmachine\Broedmachine_Code\Broedmachine_New\ArduinoCore\Debug\libArduinoCore.a(HardwareSerial0.o)
 .debug_ranges  0x00000150       0x20 F:\Private\Broedmachine\Broedmachine_Code\Broedmachine_New\ArduinoCore\Debug\libArduinoCore.a(main.o)
 .debug_ranges  0x00000170      0x110 F:\Private\Broedmachine\Broedmachine_Code\Broedmachine_New\ArduinoCore\Debug\libArduinoCore.a(Print.o)
 .debug_ranges  0x00000280       0xb8 F:\Private\Broedmachine\Broedmachine_Code\Broedmachine_New\ArduinoCore\Debug\libArduinoCore.a(Stream.o)
 .debug_ranges  0x00000338       0x30 F:\Private\Broedmachine\Broedmachine_Code\Broedmachine_New\ArduinoCore\Debug\libArduinoCore.a(WInterrupts.o)
 .debug_ranges  0x00000368       0x38 F:\Private\Broedmachine\Broedmachine_Code\Broedmachine_New\ArduinoCore\Debug\libArduinoCore.a(wiring.o)
 .debug_ranges  0x000003a0       0x20 F:\Private\Broedmachine\Broedmachine_Code\Broedmachine_New\ArduinoCore\Debug\libArduinoCore.a(wiring_analog.o)
 .debug_ranges  0x000003c0       0x28 F:\Private\Broedmachine\Broedmachine_Code\Broedmachine_New\ArduinoCore\Debug\libArduinoCore.a(wiring_digital.o)
 .debug_ranges  0x000003e8      0x168 F:\Private\Broedmachine\Broedmachine_Code\Broedmachine_New\ArduinoCore\Debug\libArduinoCore.a(LiquidCrystal.o)
 .debug_ranges  0x00000550       0x10 F:\Private\Broedmachine\Broedmachine_Code\Broedmachine_New\ArduinoCore\Debug\libArduinoCore.a(hooks.o)

.debug_macro
 *(.debug_macro)
OUTPUT(Broedmachine.elf elf32-avr)
LOAD linker stubs
